
> @workspace/chess@0.0.0 dev /app/artifacts/chess
> vite --config vite.config.ts --host 0.0.0.0


  VITE v7.3.3  ready in 518 ms

  ➜  Local:   http://localhost:3000/
  ➜  Network: http://192.168.0.2:3000/
1:18:19 PM [vite] http proxy error: /api/auth/session
AggregateError [ECONNREFUSED]:
    at internalConnectMultiple (node:net:1134:18)
    at afterConnectMultiple (node:net:1715:7)
1:19:04 PM [vite] http proxy error: /api/stats/public
AggregateError [ECONNREFUSED]:
    at internalConnectMultiple (node:net:1134:18)
    at afterConnectMultiple (node:net:1715:7)
1:19:04 PM [vite] http proxy error: /api/stats/public
AggregateError [ECONNREFUSED]:
    at internalConnectMultiple (node:net:1134:18)
    at afterConnectMultiple (node:net:1715:7)
1:19:05 PM [vite] http proxy error: /api/auth/session
AggregateError [ECONNREFUSED]:
    at internalConnectMultiple (node:net:1134:18)
    at afterConnectMultiple (node:net:1715:7)
1:19:28 PM [vite] http proxy error: /api/users/TestPlayer/settings
AggregateError [ECONNREFUSED]:
    at internalConnectMultiple (node:net:1134:18)
    at afterConnectMultiple (node:net:1715:7)
1:19:28 PM [vite] http proxy error: /api/users/TestPlayer/settings
AggregateError [ECONNREFUSED]:
    at internalConnectMultiple (node:net:1134:18)
    at afterConnectMultiple (node:net:1715:7)
1:19:29 PM [vite] http proxy error: /api/users/TestPlayer/settings
AggregateError [ECONNREFUSED]:
    at internalConnectMultiple (node:net:1134:18)
    at afterConnectMultiple (node:net:1715:7)
1:19:56 PM [vite] http proxy error: /api/users/TestPlayer/settings
AggregateError [ECONNREFUSED]:
    at internalConnectMultiple (node:net:1134:18)
    at afterConnectMultiple (node:net:1715:7)
1:19:56 PM [vite] http proxy error: /api/users/TestPlayer/settings
AggregateError [ECONNREFUSED]:
    at internalConnectMultiple (node:net:1134:18)
    at afterConnectMultiple (node:net:1715:7)
1:19:56 PM [vite] http proxy error: /api/users/TestPlayer/settings
AggregateError [ECONNREFUSED]:
    at internalConnectMultiple (node:net:1134:18)
    at afterConnectMultiple (node:net:1715:7)
1:20:21 PM [vite] http proxy error: /api/users/TestPlayer/settings
AggregateError [ECONNREFUSED]:
    at internalConnectMultiple (node:net:1134:18)
    at afterConnectMultiple (node:net:1715:7)
1:20:21 PM [vite] http proxy error: /api/users/TestPlayer/settings
AggregateError [ECONNREFUSED]:
    at internalConnectMultiple (node:net:1134:18)
    at afterConnectMultiple (node:net:1715:7)
1:20:21 PM [vite] http proxy error: /api/users/TestPlayer/settings
AggregateError [ECONNREFUSED]:
    at internalConnectMultiple (node:net:1134:18)
    at afterConnectMultiple (node:net:1715:7)
1:20:35 PM [vite] http proxy error: /api/coach/explain
AggregateError [ECONNREFUSED]:
    at internalConnectMultiple (node:net:1134:18)
    at afterConnectMultiple (node:net:1715:7)
/app/artifacts/chess:
 ERR_PNPM_RECURSIVE_RUN_FIRST_FAIL  @workspace/chess@0.0.0 dev: `vite --config vite.config.ts --host 0.0.0.0`
Command failed with signal "SIGTERM"
